00:00 +0: loading D:/trip-app/tpconnect/test/widget_test.dart
00:00 +0 -1: loading D:/trip-app/tpconnect/test/widget_test.dart [E]
  Failed to load "D:/trip-app/tpconnect/test/widget_test.dart":
  Compilation failed for testPath=D:/trip-app/tpconnect/test/widget_test.dart: lib/features/auth/bloc/auth_state.dart:6:20: Error: The final variable 'status' must be initialized.
  Try adding an initializer ('= expression') to the declaration.
    final AuthStatus status;
                     ^^^^^^
  lib/features/auth/bloc/auth_state.dart:7:15: Error: The final variable 'user' must be initialized.
  Try adding an initializer ('= expression') to the declaration.
    final User? user;
                ^^^^
  lib/features/auth/bloc/auth_state.dart:8:22: Error: The final variable 'selectedInterests' must be initialized.
  Try adding an initializer ('= expression') to the declaration.
    final List<String> selectedInterests;
                       ^^^^^^^^^^^^^^^^^
  lib/features/auth/bloc/auth_state.dart:9:16: Error: The final variable 'selectedGender' must be initialized.
  Try adding an initializer ('= expression') to the declaration.
    final String selectedGender;
                 ^^^^^^^^^^^^^^
  lib/features/auth/bloc/auth_state.dart:10:17: Error: The final variable 'errorMessage' must be initialized.
  Try adding an initializer ('= expression') to the declaration.
    final String? errorMessage;
                  ^^^^^^^^^^^^
  lib/features/auth/bloc/auth_state.dart:12:3: Error: Can't have modifier 'const' here.
  Try removing 'const'.
    const AuthState({
    ^^^^^
  lib/features/auth/bloc/auth_state.dart:18:5: Error: Expected a function body or '=>'.
  Try adding {}.
    });
      ^
  lib/features/auth/bloc/auth_state.dart:38:1: Error: Expected a declaration, but got '}'.
  }
  ^
  lib/features/onboarding/screens/onboarding_screen.dart:11:8: Error: Error when reading 'lib/features/onboarding/bloc/auth_bloc.dart': The system cannot find the path specified
  import '../bloc/auth_bloc.dart';
         ^
  lib/features/onboarding/screens/onboarding_screen.dart:12:8: Error: Error when reading 'lib/features/onboarding/bloc/auth_event.dart': The system cannot find the path specified
  import '../bloc/auth_event.dart';
         ^
  lib/features/onboarding/screens/onboarding_screen.dart:13:8: Error: Error when reading 'lib/features/onboarding/bloc/auth_state.dart': The system cannot find the path specified
  import '../bloc/auth_state.dart';
         ^
  lib/features/auth/bloc/auth_bloc.dart:6:40: Error: 'AuthState' isn't a type.
  class AuthBloc extends Bloc<AuthEvent, AuthState> {
                                         ^^^^^^^^^
  lib/features/auth/bloc/auth_state.dart:12:9: Context: This isn't a type.
    const AuthState({
          ^^^^^^^^^
  lib/features/auth/bloc/auth_bloc.dart:14:56: Error: 'AuthState' isn't a type.
    void _onSelectGender(AuthSelectGender event, Emitter<AuthState> emit) {
                                                         ^^^^^^^^^
  lib/features/auth/bloc/auth_state.dart:12:9: Context: This isn't a type.
    const AuthState({
          ^^^^^^^^^
  lib/features/auth/bloc/auth_bloc.dart:18:50: Error: 'AuthState' isn't a type.
    Future<void> _onLogin(AuthLogin event, Emitter<AuthState> emit) async {
                                                   ^^^^^^^^^
  lib/features/auth/bloc/auth_state.dart:12:9: Context: This isn't a type.
    const AuthState({
          ^^^^^^^^^
  lib/features/auth/bloc/auth_bloc.dart:36:60: Error: 'AuthState' isn't a type.
    void _onToggleInterest(AuthToggleInterest event, Emitter<AuthState> emit) {
                                                             ^^^^^^^^^
  lib/features/auth/bloc/auth_state.dart:12:9: Context: This isn't a type.
    const AuthState({
          ^^^^^^^^^
  lib/features/auth/bloc/auth_bloc.dart:46:56: Error: 'AuthState' isn't a type.
    Future<void> _onRegister(AuthRegister event, Emitter<AuthState> emit) async {
                                                         ^^^^^^^^^
  lib/features/auth/bloc/auth_state.dart:12:9: Context: This isn't a type.
    const AuthState({
          ^^^^^^^^^
  lib/features/auth/bloc/auth_state.dart:20:3: Error: 'AuthState' isn't a type.
    AuthState copyWith({
    ^^^^^^^^^
  lib/features/auth/bloc/auth_state.dart:12:9: Context: This isn't a type.
    const AuthState({
          ^^^^^^^^^
  lib/features/auth/bloc/auth_state.dart:6:20: Error: Field 'status' should be initialized because its type 'AuthStatus' doesn't allow null.
   - 'AuthStatus' is from 'package:tpconnect/features/auth/bloc/auth_state.dart' ('lib/features/auth/bloc/auth_state.dart').
    final AuthStatus status;
                     ^^^^^^
  lib/features/auth/bloc/auth_state.dart:8:22: Error: Field 'selectedInterests' should be initialized because its type 'List<String>' doesn't allow null.
   - 'List' is from 'dart:core'.
    final List<String> selectedInterests;
                       ^^^^^^^^^^^^^^^^^
  lib/features/auth/bloc/auth_state.dart:9:16: Error: Field 'selectedGender' should be initialized because its type 'String' doesn't allow null.
    final String selectedGender;
                 ^^^^^^^^^^^^^^
  lib/navigation/app_router.dart:47:13: Error: No named parameter with the name 'date'.
              date: args?['date'] ?? '21/10/25',
              ^^^^
  lib/features/chat/screens/chat_detail_screen.dart:18:9: Context: Found this candidate, but the arguments don't match.
    const ChatDetailScreen({
          ^^^^^^^^^^^^^^^^
  lib/features/auth/bloc/auth_bloc.dart:7:28: Error: Couldn't find constructor 'AuthState'.
    AuthBloc() : super(const AuthState()) {
                             ^^^^^^^^^
  lib/features/auth/screens/login_screen.dart:37:9: Error: The method 'LoginEvent' isn't defined for the type '_LoginScreenState'.
   - '_LoginScreenState' is from 'package:tpconnect/features/auth/screens/login_screen.dart' ('lib/features/auth/screens/login_screen.dart').
  Try correcting the name to the name of an existing method, or defining a method named 'LoginEvent'.
          LoginEvent(
          ^^^^^^^^^^
  lib/features/auth/screens/login_screen.dart:52:35: Error: 'AuthState' isn't a type.
      return BlocListener<AuthBloc, AuthState>(
                                    ^^^^^^^^^
  lib/features/auth/screens/login_screen.dart:54:22: Error: 'AuthAuthenticated' isn't a type.
          if (state is AuthAuthenticated) {
                       ^^^^^^^^^^^^^^^^^
  lib/features/auth/screens/login_screen.dart:56:29: Error: 'AuthError' isn't a type.
          } else if (state is AuthError) {
                              ^^^^^^^^^
  lib/features/auth/screens/login_screen.dart:128:43: Error: 'AuthState' isn't a type.
                      BlocBuilder<AuthBloc, AuthState>(
                                            ^^^^^^^^^
  lib/features/auth/screens/login_screen.dart:133:47: Error: 'AuthLoading' isn't a type.
                            isLoading: state is AuthLoading,
                                                ^^^^^^^^^^^
  lib/features/auth/screens/login_screen.dart:59:55: Error: The getter 'message' isn't defined for the type 'Object?'.
   - 'Object' is from 'dart:core'.
  Try correcting the name to the name of an existing getter, or defining a getter or field named 'message'.
            ).showSnackBar(SnackBar(content: Text(state.message)));
                                                        ^^^^^^^
  lib/features/auth/screens/signup_screen.dart:49:9: Error: The method 'SignUpEvent' isn't defined for the type '_SignUpScreenState'.
   - '_SignUpScreenState' is from 'package:tpconnect/features/auth/screens/signup_screen.dart' ('lib/features/auth/screens/signup_screen.dart').
  Try correcting the name to the name of an existing method, or defining a method named 'SignUpEvent'.
          SignUpEvent(
          ^^^^^^^^^^^
  lib/features/auth/screens/signup_screen.dart:65:35: Error: 'AuthState' isn't a type.
      return BlocListener<AuthBloc, AuthState>(
                                    ^^^^^^^^^
  lib/features/auth/screens/signup_screen.dart:67:22: Error: 'OtpSent' isn't a type.
          if (state is OtpSent) {
                       ^^^^^^^
  lib/features/auth/screens/signup_screen.dart:73:29: Error: 'AuthError' isn't a type.
          } else if (state is AuthError) {
                              ^^^^^^^^^
  lib/features/auth/screens/signup_screen.dart:193:43: Error: 'AuthState' isn't a type.
                      BlocBuilder<AuthBloc, AuthState>(
                                            ^^^^^^^^^
  lib/features/auth/screens/signup_screen.dart:198:47: Error: 'AuthLoading' isn't a type.
                            isLoading: state is AuthLoading,
                                                ^^^^^^^^^^^
  lib/features/auth/screens/signup_screen.dart:71:40: Error: The getter 'email' isn't defined for the type 'Object?'.
   - 'Object' is from 'dart:core'.
  Try correcting the name to the name of an existing getter, or defining a getter or field named 'email'.
              arguments: {'email': state.email},
                                         ^^^^^
  lib/features/auth/screens/signup_screen.dart:76:55: Error: The getter 'message' isn't defined for the type 'Object?'.
   - 'Object' is from 'dart:core'.
  Try correcting the name to the name of an existing getter, or defining a getter or field named 'message'.
            ).showSnackBar(SnackBar(content: Text(state.message)));
                                                        ^^^^^^^
  lib/features/auth/screens/verify_email_screen.dart:22:35: Error: 'AuthState' isn't a type.
      return BlocListener<AuthBloc, AuthState>(
                                    ^^^^^^^^^
  lib/features/auth/screens/verify_email_screen.dart:24:22: Error: 'OtpSent' isn't a type.
          if (state is OtpSent) {
                       ^^^^^^^
  lib/features/auth/screens/verify_email_screen.dart:30:29: Error: 'AuthError' isn't a type.
          } else if (state is AuthError) {
                              ^^^^^^^^^
  lib/features/auth/screens/verify_email_screen.dart:72:43: Error: 'AuthState' isn't a type.
                      BlocBuilder<AuthBloc, AuthState>(
                                            ^^^^^^^^^
  lib/features/auth/screens/verify_email_screen.dart:85:47: Error: 'AuthLoading' isn't a type.
                            isLoading: state is AuthLoading,
                                                ^^^^^^^^^^^
  lib/features/auth/screens/verify_email_screen.dart:79:33: Error: The method 'VerifyEmailEvent' isn't defined for the type 'VerifyEmailScreen'.
   - 'VerifyEmailScreen' is from 'package:tpconnect/features/auth/screens/verify_email_screen.dart' ('lib/features/auth/screens/verify_email_screen.dart').
  Try correcting the name to the name of an existing method, or defining a method named 'VerifyEmailEvent'.
                                  VerifyEmailEvent(
                                  ^^^^^^^^^^^^^^^^
  lib/features/auth/screens/verify_email_screen.dart:28:40: Error: The getter 'email' isn't defined for the type 'Object?'.
   - 'Object' is from 'dart:core'.
  Try correcting the name to the name of an existing getter, or defining a getter or field named 'email'.
              arguments: {'email': state.email},
                                         ^^^^^
  lib/features/auth/screens/verify_email_screen.dart:33:55: Error: The getter 'message' isn't defined for the type 'Object?'.
   - 'Object' is from 'dart:core'.
  Try correcting the name to the name of an existing getter, or defining a getter or field named 'message'.
            ).showSnackBar(SnackBar(content: Text(state.message)));
                                                        ^^^^^^^
  lib/features/auth/screens/otp_screen.dart:35:35: Error: 'AuthState' isn't a type.
      return BlocListener<AuthBloc, AuthState>(
                                    ^^^^^^^^^
  lib/features/auth/screens/otp_screen.dart:37:22: Error: 'OtpVerified' isn't a type.
          if (state is OtpVerified) {
                       ^^^^^^^^^^^
  lib/features/auth/screens/otp_screen.dart:47:29: Error: 'AuthError' isn't a type.
          } else if (state is AuthError) {
                              ^^^^^^^^^
  lib/features/auth/screens/otp_screen.dart:51:29: Error: 'OtpSent' isn't a type.
          } else if (state is OtpSent) {
                              ^^^^^^^
  lib/features/auth/screens/otp_screen.dart:118:43: Error: 'AuthState' isn't a type.
                      BlocBuilder<AuthBloc, AuthState>(
                                            ^^^^^^^^^
  lib/features/auth/screens/otp_screen.dart:132:47: Error: 'AuthLoading' isn't a type.
                            isLoading: state is AuthLoading,
                                                ^^^^^^^^^^^
  lib/features/auth/screens/otp_screen.dart:97:29: Error: The method 'ResendOtpEvent' isn't defined for the type 'OtpScreen'.
   - 'OtpScreen' is from 'package:tpconnect/features/auth/screens/otp_screen.dart' ('lib/features/auth/screens/otp_screen.dart').
  Try correcting the name to the name of an existing method, or defining a method named 'ResendOtpEvent'.
                              ResendOtpEvent(email: email),
                              ^^^^^^^^^^^^^^
  lib/features/auth/screens/otp_screen.dart:125:33: Error: The method 'VerifyOtpEvent' isn't defined for the type 'OtpScreen'.
   - 'OtpScreen' is from 'package:tpconnect/features/auth/screens/otp_screen.dart' ('lib/features/auth/screens/otp_screen.dart').
  Try correcting the name to the name of an existing method, or defining a method named 'VerifyOtpEvent'.
                                  VerifyOtpEvent(
                                  ^^^^^^^^^^^^^^
  lib/features/auth/screens/otp_screen.dart:50:55: Error: The getter 'message' isn't defined for the type 'Object?'.
   - 'Object' is from 'dart:core'.
  Try correcting the name to the name of an existing getter, or defining a getter or field named 'message'.
            ).showSnackBar(SnackBar(content: Text(state.message)));
                                                        ^^^^^^^
  lib/features/auth/screens/reset_password_screen.dart:47:35: Error: 'AuthState' isn't a type.
      return BlocListener<AuthBloc, AuthState>(
                                    ^^^^^^^^^
  lib/features/auth/screens/reset_password_screen.dart:49:22: Error: 'PasswordResetSuccess' isn't a type.
          if (state is PasswordResetSuccess) {
                       ^^^^^^^^^^^^^^^^^^^^
  lib/features/auth/screens/reset_password_screen.dart:54:29: Error: 'AuthError' isn't a type.
          } else if (state is AuthError) {
                              ^^^^^^^^^
  lib/features/auth/screens/reset_password_screen.dart:137:43: Error: 'AuthState' isn't a type.
                      BlocBuilder<AuthBloc, AuthState>(
                                            ^^^^^^^^^
  lib/features/auth/screens/reset_password_screen.dart:153:47: Error: 'AuthLoading' isn't a type.
                            isLoading: state is AuthLoading,
                                                ^^^^^^^^^^^
  lib/features/auth/screens/reset_password_screen.dart:144:33: Error: The method 'ResetPasswordEvent' isn't defined for the type '_ResetPasswordScreenState'.
   - '_ResetPasswordScreenState' is from 'package:tpconnect/features/auth/screens/reset_password_screen.dart' ('lib/features/auth/screens/reset_password_screen.dart').
  Try correcting the name to the name of an existing method, or defining a method named 'ResetPasswordEvent'.
                                  ResetPasswordEvent(
                                  ^^^^^^^^^^^^^^^^^^
  lib/features/auth/screens/reset_password_screen.dart:57:55: Error: The getter 'message' isn't defined for the type 'Object?'.
   - 'Object' is from 'dart:core'.
  Try correcting the name to the name of an existing getter, or defining a getter or field named 'message'.
            ).showSnackBar(SnackBar(content: Text(state.message)));
                                                        ^^^^^^^
  lib/features/onboarding/screens/onboarding_screen.dart:59:20: Error: 'AuthBloc' isn't a type.
        context.read<AuthBloc>().add(AuthRegister(
                     ^^^^^^^^
  lib/features/onboarding/screens/onboarding_screen.dart:64:34: Error: 'AuthBloc' isn't a type.
              gender: context.read<AuthBloc>().state.selectedGender,
                                   ^^^^^^^^
  lib/features/onboarding/screens/onboarding_screen.dart:59:36: Error: The method 'AuthRegister' isn't defined for the type '_OnboardingScreenState'.
   - '_OnboardingScreenState' is from 'package:tpconnect/features/onboarding/screens/onboarding_screen.dart' ('lib/features/onboarding/screens/onboarding_screen.dart').
  Try correcting the name to the name of an existing method, or defining a method named 'AuthRegister'.
        context.read<AuthBloc>().add(AuthRegister(
                                     ^^^^^^^^^^^^
  lib/features/onboarding/screens/onboarding_screen.dart:72:25: Error: 'AuthBloc' isn't a type.
      return BlocListener<AuthBloc, AuthState>(
                          ^^^^^^^^
  lib/features/onboarding/screens/onboarding_screen.dart:72:35: Error: 'AuthState' isn't a type.
      return BlocListener<AuthBloc, AuthState>(
                                    ^^^^^^^^^
  lib/features/onboarding/screens/onboarding_screen.dart:241:33: Error: 'AuthBloc' isn't a type.
                      BlocBuilder<AuthBloc, AuthState>(
                                  ^^^^^^^^
  lib/features/onboarding/screens/onboarding_screen.dart:241:43: Error: 'AuthState' isn't a type.
                      BlocBuilder<AuthBloc, AuthState>(
                                            ^^^^^^^^^
  lib/features/onboarding/screens/onboarding_screen.dart:253:50: Error: 'AuthBloc' isn't a type.
                                      context.read<AuthBloc>().add(
                                                   ^^^^^^^^
  lib/features/onboarding/screens/onboarding_screen.dart:307:33: Error: 'AuthBloc' isn't a type.
                      BlocBuilder<AuthBloc, AuthState>(
                                  ^^^^^^^^
  lib/features/onboarding/screens/onboarding_screen.dart:307:43: Error: 'AuthState' isn't a type.
                      BlocBuilder<AuthBloc, AuthState>(
                                            ^^^^^^^^^
  lib/features/onboarding/screens/onboarding_screen.dart:317:57: Error: 'AuthBloc' isn't a type.
                                onTap: () => context.read<AuthBloc>().add(
                                                          ^^^^^^^^
  lib/features/onboarding/screens/onboarding_screen.dart:374:33: Error: 'AuthBloc' isn't a type.
                      BlocBuilder<AuthBloc, AuthState>(
                                  ^^^^^^^^
  lib/features/onboarding/screens/onboarding_screen.dart:374:43: Error: 'AuthState' isn't a type.
                      BlocBuilder<AuthBloc, AuthState>(
                                            ^^^^^^^^^
  lib/features/onboarding/screens/onboarding_screen.dart:245:54: Error: The getter 'selectedGender' isn't defined for the type 'Object?'.
   - 'Object' is from 'dart:core'.
  Try correcting the name to the name of an existing getter, or defining a getter or field named 'selectedGender'.
                              final isSelected = state.selectedGender == gender;
                                                       ^^^^^^^^^^^^^^
  lib/features/onboarding/screens/onboarding_screen.dart:254:39: Error: The method 'AuthSelectGender' isn't defined for the type '_OnboardingScreenState'.
   - '_OnboardingScreenState' is from 'package:tpconnect/features/onboarding/screens/onboarding_screen.dart' ('lib/features/onboarding/screens/onboarding_screen.dart').
  Try correcting the name to the name of an existing method, or defining a method named 'AuthSelectGender'.
                                        AuthSelectGender(gender),
                                        ^^^^^^^^^^^^^^^^
  lib/features/onboarding/screens/onboarding_screen.dart:313:54: Error: The getter 'selectedInterests' isn't defined for the type 'Object?'.
   - 'Object' is from 'dart:core'.
  Try correcting the name to the name of an existing getter, or defining a getter or field named 'selectedInterests'.
                              final isSelected = state.selectedInterests.contains(
                                                       ^^^^^^^^^^^^^^^^^
  lib/features/onboarding/screens/onboarding_screen.dart:318:37: Error: The method 'AuthToggleInterest' isn't defined for the type '_OnboardingScreenState'.
   - '_OnboardingScreenState' is from 'package:tpconnect/features/onboarding/screens/onboarding_screen.dart' ('lib/features/onboarding/screens/onboarding_screen.dart').
  Try correcting the name to the name of an existing method, or defining a method named 'AuthToggleInterest'.
                                      AuthToggleInterest(
                                      ^^^^^^^^^^^^^^^^^^
  lib/features/onboarding/screens/onboarding_screen.dart:379:44: Error: The getter 'status' isn't defined for the type 'Object?'.
   - 'Object' is from 'dart:core'.
  Try correcting the name to the name of an existing getter, or defining a getter or field named 'status'.
                            isLoading: state.status == AuthStatus.loading,
                                             ^^^^^^
  lib/features/onboarding/screens/onboarding_screen.dart:379:54: Error: The getter 'AuthStatus' isn't defined for the type '_OnboardingScreenState'.
   - '_OnboardingScreenState' is from 'package:tpconnect/features/onboarding/screens/onboarding_screen.dart' ('lib/features/onboarding/screens/onboarding_screen.dart').
  Try correcting the name to the name of an existing getter, or defining a getter or field named 'AuthStatus'.
                            isLoading: state.status == AuthStatus.loading,
                                                       ^^^^^^^^^^
  lib/features/onboarding/screens/onboarding_screen.dart:74:19: Error: The getter 'status' isn't defined for the type 'Object?'.
   - 'Object' is from 'dart:core'.
  Try correcting the name to the name of an existing getter, or defining a getter or field named 'status'.
          if (state.status == AuthStatus.authenticated) {
                    ^^^^^^
  lib/features/onboarding/screens/onboarding_screen.dart:74:29: Error: The getter 'AuthStatus' isn't defined for the type '_OnboardingScreenState'.
   - '_OnboardingScreenState' is from 'package:tpconnect/features/onboarding/screens/onboarding_screen.dart' ('lib/features/onboarding/screens/onboarding_screen.dart').
  Try correcting the name to the name of an existing getter, or defining a getter or field named 'AuthStatus'.
          if (state.status == AuthStatus.authenticated) {
                              ^^^^^^^^^^
  lib/features/home/screens/home_screen.dart:205:49: Error: The argument type 'List<Checkpoint>' can't be assigned to the parameter type 'List<String>'.
   - 'List' is from 'dart:core'.
   - 'Checkpoint' is from 'package:tpconnect/core/models/trip_model.dart' ('lib/core/models/trip_model.dart').
                                checkpoints: trip.checkpoints,
                                                  ^
  lib/features/chat/screens/chats_screen.dart:21:40: Error: Not a constant expression.
      context.read<ChatBloc>().add(const LoadChatsEvent());
                                         ^^^^^^^^^^^^^^
  lib/features/chat/screens/chats_screen.dart:112:36: Error: 'ChatLoading' isn't a type.
                        if (state is ChatLoading) {
                                     ^^^^^^^^^^^
  lib/features/chat/screens/chats_screen.dart:114:43: Error: 'ChatsLoaded' isn't a type.
                        } else if (state is ChatsLoaded) {
                                            ^^^^^^^^^^^
  lib/features/chat/screens/chats_screen.dart:129:43: Error: 'ChatError' isn't a type.
                        } else if (state is ChatError) {
                                            ^^^^^^^^^
  lib/features/chat/screens/chats_screen.dart:117:44: Error: The getter 'chats' isn't defined for the type 'ChatState'.
   - 'ChatState' is from 'package:tpconnect/features/chat/bloc/chat_state.dart' ('lib/features/chat/bloc/chat_state.dart').
  Try correcting the name to the name of an existing getter, or defining a getter or field named 'chats'.
                            itemCount: state.chats.length,
                                             ^^^^^
  lib/features/chat/screens/chats_screen.dart:119:48: Error: The getter 'chats' isn't defined for the type 'ChatState'.
   - 'ChatState' is from 'package:tpconnect/features/chat/bloc/chat_state.dart' ('lib/features/chat/bloc/chat_state.dart').
  Try correcting the name to the name of an existing getter, or defining a getter or field named 'chats'.
                              final chat = state.chats[index];
                                                 ^^^^^
  lib/features/chat/screens/chats_screen.dart:132:35: Error: The getter 'message' isn't defined for the type 'ChatState'.
   - 'ChatState' is from 'package:tpconnect/features/chat/bloc/chat_state.dart' ('lib/features/chat/bloc/chat_state.dart').
  Try correcting the name to the name of an existing getter, or defining a getter or field named 'message'.
                              state.message,
                                    ^^^^^^^
  lib/features/chat/screens/chat_detail_screen.dart:35:34: Error: The method 'LoadChatMessagesEvent' isn't defined for the type '_ChatDetailScreenState'.
   - '_ChatDetailScreenState' is from 'package:tpconnect/features/chat/screens/chat_detail_screen.dart' ('lib/features/chat/screens/chat_detail_screen.dart').
  Try correcting the name to the name of an existing method, or defining a method named 'LoadChatMessagesEvent'.
      context.read<ChatBloc>().add(LoadChatMessagesEvent(widget.tripId));
                                   ^^^^^^^^^^^^^^^^^^^^^
  lib/features/chat/screens/chat_detail_screen.dart:58:52: Error: Too many positional arguments: 0 allowed, but 2 found.
  Try removing the extra positional arguments.
        context.read<ChatBloc>().add(SendMessageEvent(widget.tripId, text));
                                                     ^
  lib/features/chat/bloc/chat_event.dart:23:9: Context: Found this candidate, but the arguments don't match.
    const SendMessageEvent({required this.tripId, required this.text});
          ^^^^^^^^^^^^^^^^
  lib/features/chat/screens/chat_detail_screen.dart:251:55: Error: Member not found: 'borderColor'.
                    border: Border.all(color: AppColors.borderColor),
                                                        ^^^^^^^^^^^
  lib/features/trip/screens/trip_detail_screen.dart:25:22: Error: 'TripStarted' isn't a type.
          if (state is TripStarted) {
                       ^^^^^^^^^^^
  lib/features/trip/screens/trip_detail_screen.dart:30:29: Error: 'TripCancelled' isn't a type.
          } else if (state is TripCancelled) {
                              ^^^^^^^^^^^^^
  lib/features/trip/screens/trip_detail_screen.dart:32:29: Error: 'TripError' isn't a type.
          } else if (state is TripError) {
                              ^^^^^^^^^
  lib/features/trip/screens/trip_detail_screen.dart:257:51: Error: 'TripLoading' isn't a type.
                                onPressed: state is TripLoading
                                                    ^^^^^^^^^^^
  lib/features/trip/screens/trip_detail_screen.dart:271:51: Error: 'TripLoading' isn't a type.
                                onPressed: state is TripLoading
                                                    ^^^^^^^^^^^
  lib/features/trip/screens/trip_detail_screen.dart:278:51: Error: 'TripLoading' isn't a type.
                                isLoading: state is TripLoading,
                                                    ^^^^^^^^^^^
  lib/features/trip/screens/trip_detail_screen.dart:35:55: Error: The getter 'message' isn't defined for the type 'TripState'.
   - 'TripState' is from 'package:tpconnect/features/trip/bloc/trip_state.dart' ('lib/features/trip/bloc/trip_state.dart').
  Try correcting the name to the name of an existing getter, or defining a getter or field named 'message'.
            ).showSnackBar(SnackBar(content: Text(state.message)));
                                                        ^^^^^^^
  lib/features/auth/bloc/auth_state.dart:13:5: Error: Field formal parameters can only be used in a constructor.
  Try removing 'this.'.
      this.status = AuthStatus.initial,
      ^^^^
  lib/features/auth/bloc/auth_state.dart:14:5: Error: Field formal parameters can only be used in a constructor.
  Try removing 'this.'.
      this.user,
      ^^^^
  lib/features/auth/bloc/auth_state.dart:15:5: Error: Field formal parameters can only be used in a constructor.
  Try removing 'this.'.
      this.selectedInterests = const [],
      ^^^^
  lib/features/auth/bloc/auth_state.dart:16:5: Error: Field formal parameters can only be used in a constructor.
  Try removing 'this.'.
      this.selectedGender = 'Male',
      ^^^^
  lib/features/auth/bloc/auth_state.dart:17:5: Error: Field formal parameters can only be used in a constructor.
  Try removing 'this.'.
      this.errorMessage,
      ^^^^
  lib/features/auth/bloc/auth_state.dart:28:25: Error: Expected identifier, but got 'this'.
        status: status ?? this.status,
                          ^^^^
  lib/features/auth/bloc/auth_state.dart:29:21: Error: Expected identifier, but got 'this'.
        user: user ?? this.user,
                      ^^^^
  lib/features/auth/bloc/auth_state.dart:30:47: Error: Expected identifier, but got 'this'.
        selectedInterests: selectedInterests ?? this.selectedInterests,
                                                ^^^^
  lib/features/auth/bloc/auth_state.dart:31:41: Error: Expected identifier, but got 'this'.
        selectedGender: selectedGender ?? this.selectedGender,
                                          ^^^^
  lib/features/auth/bloc/auth_state.dart:32:37: Error: Expected identifier, but got 'this'.
        errorMessage: errorMessage ?? this.errorMessage,
                                      ^^^^
  .
00:00 +0 -1: Some tests failed.
